// Vitest Snapshot v1

exports[`Snapshots QuestionItem.vue > renders correctly 1`] = `
<li
  class="questions__item"
  data-v-9566b06e=""
>
  <div
    class="questions__item-votes"
    data-v-9566b06e=""
  >
    <div
      data-v-9566b06e=""
    >
      <svg
        class="questions__item-votes-icon questions__item-votes-icon--up"
        data-v-9566b06e=""
        viewBox="0 0 24 24"
      >
        <path
          d="M5,9V21H1V9H5M9,21A2,2 0 0,1 7,19V9C7,8.45 7.22,7.95 7.59,7.59L14.17,1L15.23,2.06C15.5,2.33 15.67,2.7 15.67,3.11L15.64,3.43L14.69,8H21C22.11,8 23,8.9 23,10V12C23,12.26 22.95,12.5 22.86,12.73L19.84,19.78C19.54,20.5 18.83,21 18,21H9M9,19H18.03L21,12V10H12.21L13.34,4.68L9,9.03V19Z"
          data-v-9566b06e=""
          fill="currentColor"
        />
      </svg>
    </div>
    <div
      class="questions__item-votes-score"
      data-v-9566b06e=""
    >
      <span
        data-v-9566b06e=""
      >
        3
      </span>
    </div>
    <div
      data-v-9566b06e=""
    >
      <svg
        class="questions__item-votes-icon questions__item-votes-icon--down"
        data-v-9566b06e=""
        viewBox="0 0 24 24"
      >
        <path
          d="M19,15V3H23V15H19M15,3A2,2 0 0,1 17,5V15C17,15.55 16.78,16.05 16.41,16.41L9.83,23L8.77,21.94C8.5,21.67 8.33,21.3 8.33,20.88L8.36,20.57L9.31,16H3C1.89,16 1,15.1 1,14V12C1,11.74 1.05,11.5 1.14,11.27L4.16,4.22C4.46,3.5 5.17,3 6,3H15M15,5H5.97L3,12V14H11.78L10.65,19.32L15,14.97V5Z"
          data-v-9566b06e=""
          fill="currentColor"
        />
      </svg>
    </div>
  </div>
  <router-link
    data-v-9566b06e=""
    style="text-decoration: none;"
    to="[object Object]"
  >
    <p
      class="questions__item-owner-date"
      data-v-9566b06e=""
    >
      <span
        data-v-9566b06e=""
      >
        Zadane przez
      </span>
      <span
        class="display-name"
        data-v-9566b06e=""
      >
        Dominik
      </span>
      <span
        data-v-9566b06e=""
      >
        1 miesięcy
      </span>
      <span
        data-v-9566b06e=""
      >
         temu, 14.04.2022, 16:47
      </span>
    </p>
    <span
      class="questions__item-title"
      data-v-9566b06e=""
    >
      vue
    </span>
    <div
      class="questions__item-info"
      data-v-9566b06e=""
    >
      
      <a
        class="questions__item-tag"
        data-v-9566b06e=""
        href="#"
      >
        vue
      </a>
      <a
        class="questions__item-tag"
        data-v-9566b06e=""
        href="#"
      >
        js
      </a>
      <a
        class="questions__item-tag"
        data-v-9566b06e=""
        href="#"
      >
        programowanie
      </a>
      
      <!--v-if-->
      <span
        class="questions__item-views"
        data-v-9566b06e=""
      >
        <span
          data-v-9566b06e=""
        >
          100 wyświetleń
        </span>
      </span>
    </div>
  </router-link>
</li>
`;
